[fail] python blockingFindings=1 parsed=1/1
|failureFrontier rule=PY-MOD-R002 severity=warning path=$TEMP/src/service.py line=5 column=5
|message Library module uses bare print
|summary $TEMP/src/service.py calls bare print().
|repair replace bare print with a project-owned reporting surface
|hotBlock selector=$TEMP/src/service.py:5:5 reason=blocking-finding
|next action=owner-local-projection selector=$TEMP/src/service.py:5:5 root=.
