---
source: tests/unit/harness/test_policy_snapshots.py
expression: rendered
---
[lint:warning] $TEMP python
Source: $TEMP
Files: 2 Parsed: 2
Issues: 1

[PY-MOD-R003] Warning: Package facade re-exports without __all__
   ,-[ $TEMP/src/pkg/__init__.py:1:1 ]
 1 | from .api import Runner
   | `- add an explicit __all__ for this facade export surface
   |Required: Declare `__all__` beside package facade imports so public exports stay explicit.
