---
source: tests/unit/harness/test_policy_snapshots.py
expression: rendered
---
[fail] python blockingFindings=1 parsed=1/1
|failureFrontier rule=PY-TEST-R001 severity=warning path=tests/test_scattered.py line=1 column=1
|message Pytest file is scattered in tests root
|summary test_scattered.py is a pytest module directly under tests root.
|repair move this pytest module under tests/unit/ or tests/integration/
|hotBlock selector=tests/test_scattered.py:1:1 reason=blocking-finding
|next action=owner-local-projection selector=tests/test_scattered.py:1:1 root=.
