---
source: tests/unit/harness/test_policy_snapshots.py
expression: rendered
---
[PY-PROJ-R008] Warning: Declared import names should resolve to project modules
   ,-[ pyproject.toml:1:1 ]
 1 | [project]
   | `- align this declared import name with parser-visible code
   |Required: Keep `[project].import-names` and `[project].import-namespaces` aligned with parser-visible project owners so agents can trust package scope metadata.
