---
source: tests/unit/harness/test_policy_snapshots.py
expression: rendered
---
[fail] python blockingFindings=1 parsed=1/1
|failureFrontier rule=PY-MOD-R004 severity=warning path=src/module.py line=5 column=5
|message Library module contains breakpoint()
|summary breakpoint() can halt library execution inside an interactive debugger.
|repair remove breakpoint() from library code
|hotBlock selector=src/module.py:5:5 reason=blocking-finding
|next action=direct-source-read selector=src/module.py:5:5 root=.
