---
source: tests/unit/harness/test_policy_snapshots.py
expression: rendered
---
[PY-PROJ-R003] Warning: Typed public package lacks py.typed marker
   ,-[ $TEMP/src/pkg:1:1 ]
   | add py.typed to this package root
   |Required: Add `py.typed` to declared package roots that expose public parser surface so downstream agents and type checkers can trust inline types.
