---
source: tests/unit/harness/test_agent_policy_snapshots.py
expression: rendered
---
[ok] $TEMP python
Source: $TEMP
Files: 2 Parsed: 2
No blocking issues found.

[advice]
Issues: 1

[PY-AGENT-R003] Info: Public callable name conflicts across namespaces
   ,-[ $TEMP/src/pkg/beta.py:4:1 ]
 4 | def build(value: int) -> int:
   | `- rename or namespace this public callable boundary
   |Required: Give project-level public callables unambiguous names or move them behind a clear domain namespace so agents can resolve intent without guessing.
