---
source: tests/unit/harness/test_agent_policy_snapshots.py
expression: rendered
---
[ok] $TEMP/src python
Source: $TEMP/src
Files: 1 Parsed: 1
No blocking issues found.

[advice]
Issues: 1

[PY-AGENT-R004] Info: Module namespace repeats a path segment
   ,-[ $TEMP/src/domain/domain/service.py:1:1 ]
 1 | """Domain service."""
   | `- rename one repeated namespace segment
   |Required: Keep Python module namespaces branch-unique; rename repeated path segments so agents see one clear ownership path.
