---
source: tests/unit/harness/test_agent_policy_snapshots.py
expression: rendered
---
[advice]
[PY-AGENT-R008] Info: Branch package owns a broad mixed surface
   ,-[ src/pkg/domain/__init__.py:1:1 ]
 1 | """Domain package owner."""
   | `- split this branch or document the owner map
   |Required: Split crowded branch packages into focused subpackages, or document the facade and owner map so agents do not treat one folder as one responsibility.
