---
source: tests/unit/harness/test_agent_algorithm_policy.py
expression: rendered
---
[advice]
[PY-AGENT-R009] Info: Function hides algorithm behind nested control flow
   ,-[ $TEMP/service.py:5:1 ]
 5 | def classify(kind: str, rows: list[object]) -> int:
   | `- make this algorithm shape explicit
   |Required: Flatten deeply nested if/loop logic into guard clauses, explicit dispatch, match/case, or small named pipeline steps so agents can reason about the algorithm shape. Signals: literal dispatch chain without match/case, else blocks after terminal branches, many nested control-flow blocks.
