---
source: tests/unit/harness/test_policy_snapshots.py
expression: rendered
---
[PY-PROJ-R006] Warning: Project metadata should declare supported Python versions
   ,-[ $TEMP/pyproject.toml:1:1 ]
 1 | [project]
   | `- declare [project].requires-python
   |Required: Declare `[project].requires-python` so installers, CI, and agents can resolve the intended supported Python range.
