---
source: tests/unit/harness/test_policy_snapshots.py
expression: rendered
---
[fail] python blockingFindings=1 parsed=2/2
|failureFrontier rule=PY-MOD-R007 severity=warning path=src/pkg/domain/__init__.py line=1 column=1
|message Python module shadows a package owner
|summary $TEMP/src/pkg/domain.py and $TEMP/src/pkg/domain/__init__.py both define Python import owner 'pkg.domain'.
|repair choose one source owner for this package branch
|hotBlock selector=src/pkg/domain/__init__.py:1:1 reason=blocking-finding
|next action=direct-source-read selector=src/pkg/domain/__init__.py:1:1 root=.
